// Jest Snapshot v1, https://goo.gl/fbAQLP

exports[`App component snapshot 1`] = `
<main
  className="sc-pyfCe ftSKfe"
>
  <h1
    className="sc-gKPRtg cRpntk"
  >
    Black Jack
  </h1>
  <div
    className="sc-jrcTuL bGIyyg"
  >
    <ul
      className="sc-jSUZER hYZLQi"
      data-testid="player-cards-stack"
    >
      <li
        className="sc-gswNZR jVnMTa"
      >
        <div
          className="sc-dkrFOg zlcnh"
        >
          <span
            data-testid="card-box-label"
            style={
              Object {
                "color": "#2F2F2F",
              }
            }
          >
            A
          </span>
        </div>
        <div
          className="sc-eDvSVe jikIfD"
        >
          <svg
            fill="#2F2F2F"
            height="1em"
            stroke="currentColor"
            strokeWidth="0"
            style={
              Object {
                "color": undefined,
              }
            }
            viewBox="0 0 16 16"
            width="1em"
            xmlns="http://www.w3.org/2000/svg"
          >
            <path
              d="M7.184 11.246A3.5 3.5 0 0 1 1 9c0-1.602 1.14-2.633 2.66-4.008C4.986 3.792 6.602 2.33 8 0c1.398 2.33 3.014 3.792 4.34 4.992C13.86 6.367 15 7.398 15 9a3.5 3.5 0 0 1-6.184 2.246 19.92 19.92 0 0 0 1.582 2.907c.231.35-.02.847-.438.847H6.04c-.419 0-.67-.497-.438-.847a19.919 19.919 0 0 0 1.582-2.907z"
            />
          </svg>
        </div>
        <div
          className="sc-dkrFOg sc-hLBbgP zlcnh kxGVxz"
        >
          <span
            style={
              Object {
                "color": "#2F2F2F",
              }
            }
          >
            A
          </span>
        </div>
      </li>
    </ul>
    <div
      className="sc-kDvujY frykVb"
    >
      <button
        className="sc-bcXHqe etdubz"
        data-testid="take-card-button"
        disabled={false}
        onClick={[Function]}
      >
        Take Card
      </button>
      <button
        className="sc-bcXHqe etdubz"
        data-testid="pass-button"
        disabled={false}
        onClick={[Function]}
      >
        Pass
      </button>
    </div>
  </div>
  <p>
    Score: 
    11
  </p>
</main>
`;
